<module version="4" type="JAVA_MODULE">
    <component name="FacetManager">
        <facet name="Scala" type="scala">
            <configuration>
                <option name="compilerLibraryLevel" value="Project"></option>
                <option name="compilerLibraryName" value="buildScala"></option>
            </configuration>
        </facet>
    </component>
    <component name="NewModuleRootManager" inherit-compiler-output="false">
        <output url="file://$MODULE_DIR$/target/scala_2.7.7/classes"></output>
        <output-test url="file://$MODULE_DIR$/target/scala_2.7.7/test-classes"></output-test>
        <exclude-output></exclude-output>
        <content url="file://$MODULE_DIR$">
            <sourceFolder url="file://$MODULE_DIR$/src/main/java" isTestSource="false"></sourceFolder>
            <sourceFolder url="file://$MODULE_DIR$/src/main/other" isTestSource="false"></sourceFolder>
            <sourceFolder url="file://$MODULE_DIR$/src/main/scala" isTestSource="false"></sourceFolder>
            <sourceFolder url="file://$MODULE_DIR$/src/test/java" isTestSource="true"></sourceFolder>
            <sourceFolder url="file://$MODULE_DIR$/src/test/scala" isTestSource="true"></sourceFolder>
            <sourceFolder url="file://$MODULE_DIR$/src/main/resources" isTestSource="false"></sourceFolder>
            <sourceFolder url="file://$MODULE_DIR$/src/test/resources" isTestSource="true"></sourceFolder>
            <sourceFolder url="file://$MODULE_DIR$/src/it/scala" isTestSource="true"></sourceFolder>
            <excludeFolder url="file://$MODULE_DIR$/target"></excludeFolder>
        </content>
        <orderEntry scope="TEST" exported=" " type="module-library">
            <library>
                <CLASSES>
                    <root url="file://$MODULE_DIR$/target/scala_2.7.7/test-resources"></root>
                </CLASSES>
                <JAVADOC></JAVADOC>
                <SOURCES></SOURCES>
            </library>
        </orderEntry>
        <orderEntry type="module-library" exported=" ">
            <library>
                <CLASSES>
                    <root url="file://$MODULE_DIR$/target/scala_2.7.7/resources"></root>
                </CLASSES>
                <JAVADOC></JAVADOC>
                <SOURCES></SOURCES>
            </library>
        </orderEntry>
        <orderEntry type="inheritedJdk"></orderEntry>
        <orderEntry forTests="false" type="sourceFolder"></orderEntry>
        <orderEntry name="buildScala" type="library" level="project"></orderEntry>
    </component>
</module>